=== solver 890375e, clean ===
=== ARM A: 1 vehicle -- started Fri Sep  4 23:10:40 EDT 2026 ===
solver interpreter : C:\Users\Bben6\PycharmProjects\PythonProject\.venv1\Scripts\python.exe
pyvrp  interpreter : C:\Users\Bben6\PycharmProjects\PythonProject\.venv1\Scripts\python.exe
24 runs x 60s -- about 24 min, sequential.
  sa X-n101-k25 seed 0 ...
    cost 28366
  sa X-n101-k25 seed 1 ...
    cost 28182
  sa X-n101-k25 seed 2 ...
    cost 28346
  sa X-n153-k22 seed 0 ...
    cost 22385
  sa X-n153-k22 seed 1 ...
    cost 22402
  sa X-n153-k22 seed 2 ...
    cost 22314
  sa X-n200-k36 seed 0 ...
    cost 60766
  sa X-n200-k36 seed 1 ...
    cost 61212
  sa X-n200-k36 seed 2 ...
    cost 60895
  sa X-n303-k21 seed 0 ...
    cost 23190
  sa X-n303-k21 seed 1 ...
    cost 23798
  sa X-n303-k21 seed 2 ...
    cost 23200
  sa X-n401-k29 seed 0 ...
    cost 69258
  sa X-n401-k29 seed 1 ...
    cost 68880
  sa X-n401-k29 seed 2 ...
    cost 68664
  sa X-n502-k39 seed 0 ...
    cost 70901
  sa X-n502-k39 seed 1 ...
    cost 70930
  sa X-n502-k39 seed 2 ...
    cost 71011
  sa X-n701-k44 seed 0 ...
    cost 87409
  sa X-n701-k44 seed 1 ...
    cost 88221
  sa X-n701-k44 seed 2 ...
    cost 87097
  sa X-n1001-k43 seed 0 ...
    cost 78850
  sa X-n1001-k43 seed 1 ...
    cost 78938
  sa X-n1001-k43 seed 2 ...
    cost 78991

wrote _pyvrp_benchmarking\benchmark\results_cvrp_v1.jsonl
  python 'C:\Users\Bben6\PycharmProjects\PythonProject\_pyvrp_benchmarking\benchmark\report.py'
=== ARM A done Fri Sep  4 23:34:45 EDT 2026 ===
=== ARM B: default vehicles -- started Fri Sep  4 23:34:45 EDT 2026 ===
solver interpreter : C:\Users\Bben6\PycharmProjects\PythonProject\.venv1\Scripts\python.exe
pyvrp  interpreter : C:\Users\Bben6\PycharmProjects\PythonProject\.venv1\Scripts\python.exe
24 runs x 60s -- about 24 min, sequential.
  sa X-n101-k25 seed 0 ...
    cost 28372
  sa X-n101-k25 seed 1 ...
    cost 29037
  sa X-n101-k25 seed 2 ...
    cost 28946
  sa X-n153-k22 seed 0 ...
    cost 22595
  sa X-n153-k22 seed 1 ...
    cost 22539
  sa X-n153-k22 seed 2 ...
    cost 22564
  sa X-n200-k36 seed 0 ...
    cost 60896
  sa X-n200-k36 seed 1 ...
    cost 61140
  sa X-n200-k36 seed 2 ...
    cost 60945
  sa X-n303-k21 seed 0 ...
    cost 23305
  sa X-n303-k21 seed 1 ...
    cost 23588
  sa X-n303-k21 seed 2 ...
    cost 23413
  sa X-n401-k29 seed 0 ...
    cost 69255
  sa X-n401-k29 seed 1 ...
    cost 68872
  sa X-n401-k29 seed 2 ...
    cost 69151
  sa X-n502-k39 seed 0 ...
    cost 70953
  sa X-n502-k39 seed 1 ...
    cost 70929
  sa X-n502-k39 seed 2 ...
    cost 70670
  sa X-n701-k44 seed 0 ...
    cost 87446
  sa X-n701-k44 seed 1 ...
    cost 87436
  sa X-n701-k44 seed 2 ...
    cost 87655
  sa X-n1001-k43 seed 0 ...
    cost 78492
  sa X-n1001-k43 seed 1 ...
    cost 78316
  sa X-n1001-k43 seed 2 ...
    cost 78527

wrote _pyvrp_benchmarking\benchmark\results_cvrp_vdefault.jsonl
  python 'C:\Users\Bben6\PycharmProjects\PythonProject\_pyvrp_benchmarking\benchmark\report.py'
=== ARM B done Fri Sep  4 23:59:11 EDT 2026 ===
