=== paired CVRP A/B started Sat Sep  5 16:04:03 2026 ===
80 runs x 60s -- about 80 min, sequential, interleaved.
  arm baseline: ab16365 at C:\Users\Bben6\PycharmProjects\PythonProject\_worktrees\ab16365
  arm treatment: c5eda54 at C:\Users\Bben6\PycharmProjects\PythonProject
  [1/80] baseline  X-n101-k25 seed 0  cost 28528
  [2/80] treatment X-n101-k25 seed 0  cost 28499
  [3/80] baseline  X-n101-k25 seed 1  cost 28832
  [4/80] treatment X-n101-k25 seed 1  cost 28633
  [5/80] baseline  X-n101-k25 seed 2  cost 28374
  [6/80] treatment X-n101-k25 seed 2  cost 28775
  [7/80] baseline  X-n101-k25 seed 3  cost 28504
  [8/80] treatment X-n101-k25 seed 3  cost 28615
  [9/80] baseline  X-n101-k25 seed 4  cost 28851
  [10/80] treatment X-n101-k25 seed 4  cost 28596
  [11/80] baseline  X-n153-k22 seed 0  cost 22406
  [12/80] treatment X-n153-k22 seed 0  cost 22488
  [13/80] baseline  X-n153-k22 seed 1  cost 22466
  [14/80] treatment X-n153-k22 seed 1  cost 22485
  [15/80] baseline  X-n153-k22 seed 2  cost 22669
  [16/80] treatment X-n153-k22 seed 2  cost 22721
  [17/80] baseline  X-n153-k22 seed 3  cost 22651
  [18/80] treatment X-n153-k22 seed 3  cost 22370
  [19/80] baseline  X-n153-k22 seed 4  cost 22397
  [20/80] treatment X-n153-k22 seed 4  cost 22584
  [21/80] baseline  X-n200-k36 seed 0  cost 60788
  [22/80] treatment X-n200-k36 seed 0  cost 60702
  [23/80] baseline  X-n200-k36 seed 1  cost 61179
  [24/80] treatment X-n200-k36 seed 1  cost 60590
  [25/80] baseline  X-n200-k36 seed 2  cost 60941
  [26/80] treatment X-n200-k36 seed 2  cost 61233
  [27/80] baseline  X-n200-k36 seed 3  cost 60813
  [28/80] treatment X-n200-k36 seed 3  cost 61011
  [29/80] baseline  X-n200-k36 seed 4  cost 60678
  [30/80] treatment X-n200-k36 seed 4  cost 60928
  [31/80] baseline  X-n303-k21 seed 0  cost 23195
  [32/80] treatment X-n303-k21 seed 0  cost 23214
  [33/80] baseline  X-n303-k21 seed 1  cost 23765
  [34/80] treatment X-n303-k21 seed 1  cost 23683
  [35/80] baseline  X-n303-k21 seed 2  cost 23735
  [36/80] treatment X-n303-k21 seed 2  cost 23501
  [37/80] baseline  X-n303-k21 seed 3  cost 23284
  [38/80] treatment X-n303-k21 seed 3  cost 22990
  [39/80] baseline  X-n303-k21 seed 4  cost 23720
  [40/80] treatment X-n303-k21 seed 4  cost 23422
  [41/80] baseline  X-n401-k29 seed 0  cost 68894
  [42/80] treatment X-n401-k29 seed 0  cost 68735
  [43/80] baseline  X-n401-k29 seed 1  cost 68893
  [44/80] treatment X-n401-k29 seed 1  cost 68365
  [45/80] baseline  X-n401-k29 seed 2  cost 68998
  [46/80] treatment X-n401-k29 seed 2  cost 68559
  [47/80] baseline  X-n401-k29 seed 3  cost 69388
  [48/80] treatment X-n401-k29 seed 3  cost 68986
  [49/80] baseline  X-n401-k29 seed 4  cost 68619
  [50/80] treatment X-n401-k29 seed 4  cost 68940
  [51/80] baseline  X-n502-k39 seed 0  cost 70910
  [52/80] treatment X-n502-k39 seed 0  cost 70931
  [53/80] baseline  X-n502-k39 seed 1  cost 70945
  [54/80] treatment X-n502-k39 seed 1  cost 70856
  [55/80] baseline  X-n502-k39 seed 2  cost 70601
  [56/80] treatment X-n502-k39 seed 2  cost 70880
  [57/80] baseline  X-n502-k39 seed 3  cost 70779
  [58/80] treatment X-n502-k39 seed 3  cost 70846
  [59/80] baseline  X-n502-k39 seed 4  cost 70821
  [60/80] treatment X-n502-k39 seed 4  cost 70821
  [61/80] baseline  X-n701-k44 seed 0  cost 87618
  [62/80] treatment X-n701-k44 seed 0  cost 87653
  [63/80] baseline  X-n701-k44 seed 1  cost 86978
  [64/80] treatment X-n701-k44 seed 1  cost 87424
  [65/80] baseline  X-n701-k44 seed 2  cost 87286
  [66/80] treatment X-n701-k44 seed 2  cost 87077
  [67/80] baseline  X-n701-k44 seed 3  cost 87697
  [68/80] treatment X-n701-k44 seed 3  cost 87495
  [69/80] baseline  X-n701-k44 seed 4  cost 87425
  [70/80] treatment X-n701-k44 seed 4  cost 87820
  [71/80] baseline  X-n1001-k43 seed 0  cost 78463
  [72/80] treatment X-n1001-k43 seed 0  cost 78463
  [73/80] baseline  X-n1001-k43 seed 1  cost 78498
  [74/80] treatment X-n1001-k43 seed 1  cost 78416
  [75/80] baseline  X-n1001-k43 seed 2  cost 78454
  [76/80] treatment X-n1001-k43 seed 2  cost 78528
  [77/80] baseline  X-n1001-k43 seed 3  cost 78983
  [78/80] treatment X-n1001-k43 seed 3  cost 78567
  [79/80] baseline  X-n1001-k43 seed 4  cost 78108
  [80/80] treatment X-n1001-k43 seed 4  cost 78400
=== paired CVRP A/B complete Sat Sep  5 17:24:22 2026 ===
