6 arms x 19 paired seeds x 300s, n=500
estimated 9.5 h of solve time
  seed   0     1953.11    1943.54    1916.00    1906.50    1883.29    1915.99   [6/114, 0.50h]
  seed   1     1917.94    1934.59    1950.12    1909.53    1910.85    1965.01   [12/114, 1.00h]
  seed   2     1914.35    1931.76    1940.38    1923.53    1911.39    1912.13   [18/114, 1.50h]
  seed   3     1899.26    1917.32    1927.48    1884.84    1902.76    1927.10   [24/114, 2.00h]
  seed   4     1891.36    1915.62    1918.26    1960.79    1916.47    1920.45   [30/114, 2.50h]
  seed   5     1881.26    1941.86    1916.41    1923.21    1904.56    1936.79   [36/114, 3.00h]
  seed   6     1925.69    1930.81    1897.03    1899.17    1935.45    1918.26   [42/114, 3.51h]
  seed   7     1920.49    1929.78    1924.06    1923.71    1932.30    1906.72   [48/114, 4.01h]
  seed   8     1943.33    1956.99    1907.12    1892.60    1912.75    1937.17   [54/114, 4.51h]
  seed   9     1920.71    1930.49    1900.90    1925.37    1928.06    1924.12   [60/114, 5.01h]
  seed  10     1944.12    1913.95    1933.42    1894.10    1897.16    1900.47   [66/114, 5.51h]
  seed  11     1925.57    1915.02    1930.29    1925.00    1930.25    1903.89   [72/114, 6.01h]
  seed  12     1928.73    1946.49    1908.20    1902.00    1922.39    1894.30   [78/114, 6.51h]
  seed  13     1909.31    1916.31    1931.31    1947.91    1955.49    1958.69   [84/114, 7.01h]
  seed  14     1915.01    1957.94    1951.06    1931.87    1927.28    1924.33   [90/114, 7.51h]
  seed  15     1909.96    1941.20    1934.07    1928.87    1905.19    1956.82   [96/114, 8.01h]
  seed  16     1933.07    1898.47    1936.88    1931.26    1900.52    1914.26   [102/114, 8.51h]
  seed  17     1907.94    1932.40    1923.30    1941.76    1929.08    1923.44   [108/114, 9.01h]
  seed  18     1903.21    1922.61    1896.09    1910.75    1952.59    1957.20   [114/114, 9.51h]

--- per arm ---
  01_pre_stage1                    mean   1918.13  n=19   vs baseline    +0.00 +/-  0.00    +0.0 sigma   won 0/19
  02_stage1_magnetism              mean   1930.38  n=19   vs baseline   +12.25 +/-  5.18    +2.4 sigma   won 4/19
  03_stage2_no_penalty_factor      mean   1923.28  n=19   vs baseline    +5.16 +/-  5.70    +0.9 sigma   won 7/19
  04_stages34_dynamic_penalty      mean   1919.09  n=19   vs baseline    +0.97 +/-  7.45    +0.1 sigma   won 9/19
  05_stage5_valid_cost             mean   1918.83  n=19   vs baseline    +0.71 +/-  6.81    +0.1 sigma   won 8/19
  06_stages67_head                 mean   1926.17  n=19   vs baseline    +8.04 +/-  7.48    +1.1 sigma   won 9/19

written under C:\Users\Bben6\PycharmProjects\PythonProject\experiment_logs\ablations\2026-08-22_scoring_rework_trajectory
worktrees left in place for re-runs; remove with: git worktree remove <path> --force
