=== solver commit cbcbb4f, tree 0 dirty files ===
=== MDVRP sweep started Sat Sep  5 01:45:25 EDT 2026 ===
solver interpreter : C:/Users/Bben6/PycharmProjects/PythonProject/.venv1/Scripts/python.exe
pyvrp  interpreter : C:/Users/Bben6/PycharmProjects/PythonProject/.venv1/Scripts/python.exe
done sa md-n100-d3 seed 0
done sa md-n100-d3 seed 1
done sa md-n100-d3 seed 2
done pyvrp md-n100-d3
done sa md-n1000-d6 seed 0
done sa md-n1000-d6 seed 1
done sa md-n1000-d6 seed 2
done pyvrp md-n1000-d6
done sa md-n200-d3 seed 0
done sa md-n200-d3 seed 1
done sa md-n200-d3 seed 2
done pyvrp md-n200-d3
done sa md-n200-d5 seed 0
done sa md-n200-d5 seed 1
done sa md-n200-d5 seed 2
done pyvrp md-n200-d5
done sa md-n400-d4 seed 0
done sa md-n400-d4 seed 1
done sa md-n400-d4 seed 2
done pyvrp md-n400-d4
done sa md-n600-d5 seed 0
done sa md-n600-d5 seed 1
done sa md-n600-d5 seed 2
done pyvrp md-n600-d5
ALLDONE
=== MDVRP done Sat Sep  5 05:45:37 EDT 2026 ===
=== CVRP sweep started Sat Sep  5 05:45:37 EDT 2026 ===
solver interpreter : C:\Users\Bben6\PycharmProjects\PythonProject\.venv1\Scripts\python.exe
pyvrp  interpreter : C:\Users\Bben6\PycharmProjects\PythonProject\.venv1\Scripts\python.exe
32 runs x 600s -- about 320 min, sequential.
  sa X-n101-k25 seed 0 ...
    cost 27682
  sa X-n101-k25 seed 1 ...
    cost 28149
  sa X-n101-k25 seed 2 ...
    cost 28245
  pyvrp X-n101-k25 seed 0 ...
    cost 27591
  sa X-n153-k22 seed 0 ...
    cost 22274
  sa X-n153-k22 seed 1 ...
    cost 22291
  sa X-n153-k22 seed 2 ...
    cost 22266
  pyvrp X-n153-k22 seed 0 ...
    cost 21274
  sa X-n200-k36 seed 0 ...
    cost 60466
  sa X-n200-k36 seed 1 ...
    cost 60324
  sa X-n200-k36 seed 2 ...
    cost 60380
  pyvrp X-n200-k36 seed 0 ...
    cost 58635
  sa X-n303-k21 seed 0 ...
    cost 22852
  sa X-n303-k21 seed 1 ...
    cost 23143
  sa X-n303-k21 seed 2 ...
    cost 22528
  pyvrp X-n303-k21 seed 0 ...
    cost 21850
  sa X-n401-k29 seed 0 ...
    cost 68059
  sa X-n401-k29 seed 1 ...
    cost 68581
  sa X-n401-k29 seed 2 ...
    cost 67948
  pyvrp X-n401-k29 seed 0 ...
    cost 66388
  sa X-n502-k39 seed 0 ...
    cost 70989
  sa X-n502-k39 seed 1 ...
    cost 70871
  sa X-n502-k39 seed 2 ...
    cost 70795
  pyvrp X-n502-k39 seed 0 ...
    cost 69362
  sa X-n701-k44 seed 0 ...
    cost 87474
  sa X-n701-k44 seed 1 ...
    cost 87122
  sa X-n701-k44 seed 2 ...
    cost 86961
  pyvrp X-n701-k44 seed 0 ...
    cost 82406
  sa X-n1001-k43 seed 0 ...
    cost 78515
  sa X-n1001-k43 seed 1 ...
    cost 77956
  sa X-n1001-k43 seed 2 ...
    cost 78356
  pyvrp X-n1001-k43 seed 0 ...
    cost 73079

wrote experiment_logs\benchmarks\2026-09-05_pyvrp_600s\results_cvrp.jsonl
  python 'C:\Users\Bben6\PycharmProjects\PythonProject\pyvrp_benchmarking\benchmark\report.py'
=== CVRP done Sat Sep  5 11:05:48 EDT 2026 ===
=== ALL SWEEPS COMPLETE Sat Sep  5 11:05:48 EDT 2026 ===
