ablation_arm: [0.0, 8.0, 9.0, 10.0, 11.0, 12.0]
6 arms x 15 paired seeds x 600s, n=500 capacity=400, start=nn
90 runs, estimated 15.0 h

  seed   0    1917.04    1889.54    1901.96    1893.93    1936.63    1931.93   [6/90, 1.00h]
  seed   1    1898.90    1908.52    1901.36    1890.01    1925.11    1933.20   [12/90, 2.00h]
  seed   2    1915.87    1911.55    1899.23    1881.55    1926.68    1915.30   [18/90, 3.00h]
  seed   3    1931.93    1898.76    1890.85    1885.69    1926.21    1932.68   [24/90, 4.00h]
  seed   4    1983.43    1895.07    1871.64    1924.47    1969.35    1942.73   [30/90, 5.00h]
  seed   5    1935.37    1932.60    1902.77    1942.31    1895.11    1961.57   [36/90, 6.00h]
  seed   6    1902.42    1896.44    1898.71    1971.57    1908.78    1916.54   [42/90, 7.00h]
  seed   7    1928.43    1891.24    1915.29    1909.14    1899.45    1936.23   [48/90, 8.00h]
  seed   8    1946.71    1889.92    1917.67    1911.33    1942.90    1929.72   [54/90, 9.00h]
  seed   9    1915.88    1901.73    1888.66    1922.54    1903.82    1921.46   [60/90, 10.00h]
  seed  10    1943.05    1919.87    1892.37    1898.04    1899.29    1933.98   [66/90, 11.00h]
  seed  11    1938.68    1906.57    1904.90    1920.93    1947.06    1902.19   [72/90, 12.00h]
  seed  12    1935.19    1892.10    1940.74    1928.61    1888.43    1961.69   [78/90, 13.00h]
  seed  13    1950.99    1907.81    1893.60    1876.21    1918.23    1944.13   [84/90, 14.00h]
  seed  14    1941.44    1898.10    1912.21    1957.37    1947.07    1891.21   [90/90, 15.00h]

--- per arm ---
  0          mean   1932.36  sd   21.09  min   1898.90  n=15  infeasible=0  reheats~12
  8          mean   1902.65  sd   12.12  min   1889.54  n=15  infeasible=0  reheats~34
  9          mean   1902.13  sd   15.68  min   1871.64  n=15  infeasible=0  reheats~31
  10         mean   1914.25  sd   28.01  min   1876.21  n=15  infeasible=0  reheats~25
  11         mean   1922.27  sd   23.29  min   1888.43  n=15  infeasible=0  reheats~19
  12         mean   1930.30  sd   19.25  min   1891.21  n=15  infeasible=0  reheats~12

--- paired vs control (ablation_arm=0), negative = better ---
  8             -29.70 +/-   6.39    -4.7 sigma   won 14/15
  9             -30.23 +/-   7.47    -4.0 sigma   won 13/15
  10            -18.11 +/-   9.05    -2.0 sigma   won 11/15
  11            -10.08 +/-   6.11    -1.7 sigma   won 9/15
  12             -2.05 +/-   6.53    -0.3 sigma   won 7/15

written to experiment_logs/ablate_full_roster_k.json
