ablation_arm: [0.0, 1.0, 2.0, 3.0, 4.0, 5.0, 6.0, 7.0]
8 arms x 20 paired seeds x 180s, n=500 capacity=400, start=nn
160 runs, estimated 8.0 h

  seed   0    1957.47    1990.74    1990.06    1986.24    2003.63    2021.59    1930.83    1958.26   [8/160, 0.40h]
  seed   1    1973.35    1934.74    2018.86    1955.32    1989.50    2022.36    1912.40    1987.35   [16/160, 0.80h]
  seed   2    1941.75    1933.33    1984.58    1991.92    2009.09    2009.13    1910.79    1980.05   [24/160, 1.20h]
  seed   3    1941.56    1933.24    1939.25    1975.95    1971.22    2009.00    1932.79    1976.60   [32/160, 1.60h]
  seed   4    1952.21    2001.52    1948.43    1983.90    2022.34    2006.60    1970.97    1996.06   [40/160, 2.00h]
  seed   5    1945.11    1979.06    1989.96    2007.55    2001.34    2039.55    1951.32    1977.74   [48/160, 2.40h]
  seed   6    1976.91    1947.11    1947.52    1965.43    1953.01    1996.11    1923.42    1974.69   [56/160, 2.80h]
  seed   7    2020.12    1964.62    2029.46    2004.43    1986.03    2020.15    1963.25    1988.20   [64/160, 3.20h]
  seed   8    1973.15    1954.47    1972.69    1958.96    1999.83    2030.55    1920.60    1970.96   [72/160, 3.60h]
  seed   9    1930.16    1954.69    1989.46    1986.55    2004.72    1980.97    1933.06    1960.96   [80/160, 4.00h]
  seed  10    1964.41    1958.61    1982.93    2033.99    1993.91    2033.31    1941.58    1962.53   [88/160, 4.40h]
  seed  11    1961.69    1943.09    1990.37    1949.04    2028.47    2063.87    1921.63    1977.02   [96/160, 4.80h]
  seed  12    1971.21    1965.47    1960.37    1996.65    1982.49    2039.06    1926.12    1997.41   [104/160, 5.20h]
  seed  13    1952.06    1948.48    1955.08    1993.04    1960.45    1999.85    1924.84    1986.30   [112/160, 5.60h]
  seed  14    1965.67    1958.15    1940.93    1966.22    1979.62    1975.16    1944.79    1981.85   [120/160, 6.00h]
  seed  15    1947.16    1956.72    1927.55    1979.51    1995.68    2027.05    1938.95    1996.11   [128/160, 6.40h]
  seed  16    1937.44    1974.48    1950.80    1948.23    2006.13    2012.06    1923.68    1957.36   [136/160, 6.80h]
  seed  17    1951.41    1947.62    1990.98    1975.67    2021.89    2030.13    1911.82    1962.61   [144/160, 7.20h]
  seed  18    1964.03    1942.95    1971.94    1980.56    1990.51    2019.54    1951.87    1989.27   [152/160, 7.60h]
  seed  19    1950.51    1956.28    1961.78    1985.36    1993.33    2007.22    1950.91    1987.63   [160/160, 8.00h]

--- per arm ---
  0          mean   1958.87  sd   19.43  min   1930.16  n=20  infeasible=0  reheats~2
  1          mean   1957.27  sd   18.25  min   1933.24  n=20  infeasible=0  reheats~9
  2          mean   1972.15  sd   26.73  min   1927.55  n=20  infeasible=0  reheats~4
  3          mean   1981.23  sd   21.04  min   1948.23  n=20  infeasible=0  reheats~2
  4          mean   1994.66  sd   19.46  min   1953.01  n=20  infeasible=0  reheats~0
  5          mean   2017.16  sd   20.66  min   1975.16  n=20  infeasible=0  reheats~0
  6          mean   1934.28  sd   17.06  min   1910.79  n=20  infeasible=0  reheats~7
  7          mean   1978.45  sd   12.92  min   1957.36  n=20  infeasible=0  reheats~1

--- paired vs control (ablation_arm=0), negative = better ---
  1              -1.60 +/-   5.99    -0.3 sigma   won 13/20
  2             +13.28 +/-   5.66    +2.3 sigma   won 7/20
  3             +22.36 +/-   6.09    +3.7 sigma   won 5/20
  4             +35.79 +/-   6.99    +5.1 sigma   won 2/20
  5             +58.29 +/-   5.71   +10.2 sigma   won 0/20
  6             -24.59 +/-   5.11    -4.8 sigma   won 16/20
  7             +19.58 +/-   4.44    +4.4 sigma   won 4/20

written to experiment_logs/ablate_greedy_n500.json
